✔ migrates all 37 rows with stable IDs and complete typed targets/routes (1.2391ms)
✔ preserves every original bilingual field, row, category and hazard ID (0.5501ms)
✔ keeps ambiguous routes for review without inventing absorption or blood targets (0.2163ms)
✔ normalizes all four supported route types without treating contact as absorption (0.1551ms)
✔ selecting Asbestos and Benzene changes one reusable SVG to different configured targets (185.3583ms)
✔ primary and secondary systems expose different roles, callouts and non-color labels (137.524ms)
✔ reference-style callouts follow anatomy order and use matching region anchors and accents (99.7178ms)
✔ clicking kidneys filters hazards and clearing restores the category (115.312ms)
✔ an unlisted system has an empty state and a working reset (105.6914ms)
✔ all 17 SVG regions are keyboard buttons; Enter and Space toggle the filter (106.0487ms)
✔ mode tabs show routes and effects and support arrow-key focus navigation (97.8101ms)
✔ systems and effects retain distributed blood and marrow targets without exposure paths (92.7692ms)
✔ effects link individual targets while keeping shared source claims grouped (214.4412ms)
✔ route mode draws the source's ingestion, dermal and percutaneous arrows (213.805ms)
✔ English, Arabic and Both control anatomy labels, callouts, record rail and effects (138.453ms)
✔ bilingual search includes body-system aliases and resets a reverse filter (124.0729ms)
✔ biological category uses the same anatomy and preserves transmission review notes (105.4549ms)
✔ source table remains available and returning preserves the explorer selection and language (168.2692ms)
✔ Save and existing saved hazard IDs remain compatible; related links keep the selected query (472.0078ms)
✔ responsive CSS reflows at container width and preserves focus and reduced motion (1.201ms)
✔ all package files match the supplied manifest; phase checkpoints contain 35/37/41/18 exact combined-source records (11.1914ms)
✔ lossless controlled adapters retain content, source qualifiers, conditions, tags, and intentionally empty OSHA mappings (14.6183ms)
✔ checkpoint categories have exact counts and every record has reachable bilingual subcategory navigation (157.3944ms)
✔ configured engines, optimized artwork, translated overlays, landmarks and separated mobile markers cover every imported record (3.2663ms)
✔ five deterministic reference aliases preserve scene identity and canonical search/save targets (174.4797ms)
✔ the shared search covers every new canonical bilingual field, context, control, tag and unresolved section (495.6011ms)
✔ HL-EXC-001: bilingual engine rendering, click/keyboard selection and responsive scene orientation (81.7703ms)
✔ HL-EXC-002: bilingual engine rendering, click/keyboard selection and responsive scene orientation (54.8708ms)
✔ HL-EXC-003: bilingual engine rendering, click/keyboard selection and responsive scene orientation (52.9843ms)
✔ HL-EXC-004: bilingual engine rendering, click/keyboard selection and responsive scene orientation (51.9434ms)
✔ HL-EXC-005: bilingual engine rendering, click/keyboard selection and responsive scene orientation (24.7471ms)
✔ HL-EXC-006: bilingual engine rendering, click/keyboard selection and responsive scene orientation (19.9912ms)
✔ HL-EXC-007: bilingual engine rendering, click/keyboard selection and responsive scene orientation (18.8129ms)
✔ HL-EXC-008: bilingual engine rendering, click/keyboard selection and responsive scene orientation (19.5968ms)
✔ HL-CONF-001: bilingual engine rendering, click/keyboard selection and responsive scene orientation (23.3408ms)
✔ HL-CONF-002: bilingual engine rendering, click/keyboard selection and responsive scene orientation (19.8561ms)
✔ HL-CONF-003: bilingual engine rendering, click/keyboard selection and responsive scene orientation (20.8139ms)
✔ HL-CONF-004: bilingual engine rendering, click/keyboard selection and responsive scene orientation (19.7033ms)
✔ HL-CONF-005: bilingual engine rendering, click/keyboard selection and responsive scene orientation (19.3796ms)
✔ HL-CONF-006: bilingual engine rendering, click/keyboard selection and responsive scene orientation (21.4735ms)
✔ HL-CONF-007: bilingual engine rendering, click/keyboard selection and responsive scene orientation (21.5183ms)
✔ HL-CONF-008: bilingual engine rendering, click/keyboard selection and responsive scene orientation (19.5656ms)
✔ HL-CONF-009: bilingual engine rendering, click/keyboard selection and responsive scene orientation (22.7023ms)
✔ HL-LOTO-001: bilingual engine rendering, click/keyboard selection and responsive scene orientation (21.0038ms)
✔ HL-LOTO-002: bilingual engine rendering, click/keyboard selection and responsive scene orientation (23.9091ms)
✔ HL-LOTO-003: bilingual engine rendering, click/keyboard selection and responsive scene orientation (19.9062ms)
✔ HL-LOTO-004: bilingual engine rendering, click/keyboard selection and responsive scene orientation (20.8919ms)
✔ HL-LOTO-005: bilingual engine rendering, click/keyboard selection and responsive scene orientation (20.0076ms)
✔ HL-LOTO-006: bilingual engine rendering, click/keyboard selection and responsive scene orientation (20.9141ms)
✔ HL-LOTO-007: bilingual engine rendering, click/keyboard selection and responsive scene orientation (19.8726ms)
✔ HL-LOTO-008: bilingual engine rendering, click/keyboard selection and responsive scene orientation (18.489ms)
✔ HL-LOTO-009: bilingual engine rendering, click/keyboard selection and responsive scene orientation (20.9065ms)
✔ HL-LOTO-010: bilingual engine rendering, click/keyboard selection and responsive scene orientation (18.1146ms)
✔ HL-PRESS-001: bilingual engine rendering, click/keyboard selection and responsive scene orientation (18.1407ms)
✔ HL-PRESS-002: bilingual engine rendering, click/keyboard selection and responsive scene orientation (20.3764ms)
✔ HL-PRESS-003: bilingual engine rendering, click/keyboard selection and responsive scene orientation (18.2164ms)
✔ HL-PRESS-004: bilingual engine rendering, click/keyboard selection and responsive scene orientation (19.5231ms)
✔ HL-PRESS-005: bilingual engine rendering, click/keyboard selection and responsive scene orientation (19.893ms)
✔ HL-PRESS-006: bilingual engine rendering, click/keyboard selection and responsive scene orientation (18.3519ms)
✔ HL-PRESS-007: bilingual engine rendering, click/keyboard selection and responsive scene orientation (18.4385ms)
✔ HL-PRESS-008: bilingual engine rendering, click/keyboard selection and responsive scene orientation (22.1881ms)
✔ HL-CHEM-001: bilingual engine rendering, click/keyboard selection and responsive scene orientation (18.1598ms)
✔ HL-CHEM-002: bilingual engine rendering, click/keyboard selection and responsive scene orientation (17.9947ms)
✔ HL-CHEM-003: bilingual engine rendering, click/keyboard selection and responsive scene orientation (20.9207ms)
✔ HL-CHEM-004: bilingual engine rendering, click/keyboard selection and responsive scene orientation (18.397ms)
✔ HL-CHEM-005: bilingual engine rendering, click/keyboard selection and responsive scene orientation (27.57ms)
✔ HL-CHEM-006: bilingual engine rendering, click/keyboard selection and responsive scene orientation (19.1553ms)
✔ HL-CHEM-007: bilingual engine rendering, click/keyboard selection and responsive scene orientation (40.4643ms)
✔ HL-CHEM-008: bilingual engine rendering, click/keyboard selection and responsive scene orientation (59.0894ms)
✔ HL-CHEM-009: bilingual engine rendering, click/keyboard selection and responsive scene orientation (56.6085ms)
✔ HL-CHEM-010: bilingual engine rendering, click/keyboard selection and responsive scene orientation (58.2457ms)
✔ HL-CHEM-011: bilingual engine rendering, click/keyboard selection and responsive scene orientation (28.5763ms)
✔ HL-CHEM-012: bilingual engine rendering, click/keyboard selection and responsive scene orientation (34.0819ms)
✔ HL-CHEM-013: bilingual engine rendering, click/keyboard selection and responsive scene orientation (39.6641ms)
✔ HL-CHEM-014: bilingual engine rendering, click/keyboard selection and responsive scene orientation (38.6634ms)
✔ HL-CHEM-015: bilingual engine rendering, click/keyboard selection and responsive scene orientation (35.8084ms)
✔ HL-FIRE-001: bilingual engine rendering, click/keyboard selection and responsive scene orientation (38.3366ms)
✔ HL-FIRE-002: bilingual engine rendering, click/keyboard selection and responsive scene orientation (43.4531ms)
✔ HL-FIRE-003: bilingual engine rendering, click/keyboard selection and responsive scene orientation (35.8763ms)
✔ HL-FIRE-004: bilingual engine rendering, click/keyboard selection and responsive scene orientation (36.1172ms)
✔ HL-FIRE-005: bilingual engine rendering, click/keyboard selection and responsive scene orientation (38.165ms)
✔ HL-FIRE-006: bilingual engine rendering, click/keyboard selection and responsive scene orientation (37.1009ms)
✔ HL-FIRE-007: bilingual engine rendering, click/keyboard selection and responsive scene orientation (37.9283ms)
✔ HL-FIRE-008: bilingual engine rendering, click/keyboard selection and responsive scene orientation (39.8624ms)
✔ HL-FIRE-009: bilingual engine rendering, click/keyboard selection and responsive scene orientation (38.3251ms)
✔ HL-FIRE-010: bilingual engine rendering, click/keyboard selection and responsive scene orientation (36.6333ms)
✔ HL-FIRE-011: bilingual engine rendering, click/keyboard selection and responsive scene orientation (38.7727ms)
✔ HL-FIRE-012: bilingual engine rendering, click/keyboard selection and responsive scene orientation (37.7019ms)
✔ HL-PSM-001: bilingual engine rendering, click/keyboard selection and responsive scene orientation (61.9598ms)
✔ HL-PSM-002: bilingual engine rendering, click/keyboard selection and responsive scene orientation (69.0951ms)
✔ HL-PSM-003: bilingual engine rendering, click/keyboard selection and responsive scene orientation (82.0674ms)
✔ HL-PSM-004: bilingual engine rendering, click/keyboard selection and responsive scene orientation (120.0153ms)
✔ HL-PSM-005: bilingual engine rendering, click/keyboard selection and responsive scene orientation (120.5464ms)
✔ HL-PSM-006: bilingual engine rendering, click/keyboard selection and responsive scene orientation (111.159ms)
✔ HL-PSM-007: bilingual engine rendering, click/keyboard selection and responsive scene orientation (62.3858ms)
✔ HL-PSM-008: bilingual engine rendering, click/keyboard selection and responsive scene orientation (40.7506ms)
✔ HL-PSM-009: bilingual engine rendering, click/keyboard selection and responsive scene orientation (59.1191ms)
✔ HL-PSM-010: bilingual engine rendering, click/keyboard selection and responsive scene orientation (54.9114ms)
✔ HL-ERGO-001: bilingual engine rendering, click/keyboard selection and responsive scene orientation (54.6858ms)
✔ HL-ERGO-002: bilingual engine rendering, click/keyboard selection and responsive scene orientation (41.0756ms)
✔ HL-ERGO-003: bilingual engine rendering, click/keyboard selection and responsive scene orientation (38.1345ms)
✔ HL-ERGO-004: bilingual engine rendering, click/keyboard selection and responsive scene orientation (35.3465ms)
✔ HL-ERGO-005: bilingual engine rendering, click/keyboard selection and responsive scene orientation (34.905ms)
✔ HL-ERGO-006: bilingual engine rendering, click/keyboard selection and responsive scene orientation (35.4997ms)
✔ HL-ERGO-007: bilingual engine rendering, click/keyboard selection and responsive scene orientation (38.1899ms)
✔ HL-ERGO-008: bilingual engine rendering, click/keyboard selection and responsive scene orientation (36.3186ms)
✔ HL-ERGO-009: bilingual engine rendering, click/keyboard selection and responsive scene orientation (36.0879ms)
✔ HL-ERGO-010: bilingual engine rendering, click/keyboard selection and responsive scene orientation (80.5774ms)
✔ HL-ERGO-011: bilingual engine rendering, click/keyboard selection and responsive scene orientation (154.1773ms)
✔ HL-ERGO-012: bilingual engine rendering, click/keyboard selection and responsive scene orientation (141.4893ms)
✔ HL-NOISE-001: bilingual engine rendering, click/keyboard selection and responsive scene orientation (124.8431ms)
✔ HL-NOISE-002: bilingual engine rendering, click/keyboard selection and responsive scene orientation (63.2228ms)
✔ HL-NOISE-003: bilingual engine rendering, click/keyboard selection and responsive scene orientation (39.3286ms)
✔ HL-NOISE-004: bilingual engine rendering, click/keyboard selection and responsive scene orientation (50.4737ms)
✔ HL-NOISE-005: bilingual engine rendering, click/keyboard selection and responsive scene orientation (66.0332ms)
✔ HL-NOISE-006: bilingual engine rendering, click/keyboard selection and responsive scene orientation (39.9259ms)
✔ HL-NOISE-007: bilingual engine rendering, click/keyboard selection and responsive scene orientation (40.9267ms)
✔ HL-NOISE-008: bilingual engine rendering, click/keyboard selection and responsive scene orientation (40.0838ms)
✔ HL-THERM-001: bilingual engine rendering, click/keyboard selection and responsive scene orientation (44.4777ms)
✔ HL-THERM-002: bilingual engine rendering, click/keyboard selection and responsive scene orientation (43.5699ms)
✔ HL-THERM-003: bilingual engine rendering, click/keyboard selection and responsive scene orientation (37.8284ms)
✔ HL-THERM-004: bilingual engine rendering, click/keyboard selection and responsive scene orientation (33.913ms)
✔ HL-THERM-005: bilingual engine rendering, click/keyboard selection and responsive scene orientation (55.3646ms)
✔ HL-THERM-006: bilingual engine rendering, click/keyboard selection and responsive scene orientation (114.1033ms)
✔ HL-THERM-007: bilingual engine rendering, click/keyboard selection and responsive scene orientation (124.3746ms)
✔ HL-THERM-008: bilingual engine rendering, click/keyboard selection and responsive scene orientation (131.8276ms)
✔ HL-THERM-009: bilingual engine rendering, click/keyboard selection and responsive scene orientation (69.4075ms)
✔ HL-THERM-010: bilingual engine rendering, click/keyboard selection and responsive scene orientation (42.7818ms)
✔ HL-RAD-001: bilingual engine rendering, click/keyboard selection and responsive scene orientation (36.0259ms)
✔ HL-RAD-002: bilingual engine rendering, click/keyboard selection and responsive scene orientation (41.6128ms)
✔ HL-RAD-003: bilingual engine rendering, click/keyboard selection and responsive scene orientation (45.9181ms)
✔ HL-RAD-004: bilingual engine rendering, click/keyboard selection and responsive scene orientation (83.1436ms)
✔ HL-RAD-005: bilingual engine rendering, click/keyboard selection and responsive scene orientation (58.6558ms)
✔ HL-RAD-006: bilingual engine rendering, click/keyboard selection and responsive scene orientation (61.2157ms)
✔ HL-RAD-007: bilingual engine rendering, click/keyboard selection and responsive scene orientation (46.6624ms)
✔ HL-RAD-008: bilingual engine rendering, click/keyboard selection and responsive scene orientation (38.1993ms)
✔ HL-RAD-009: bilingual engine rendering, click/keyboard selection and responsive scene orientation (41.2691ms)
✔ HL-RAD-010: bilingual engine rendering, click/keyboard selection and responsive scene orientation (66.8419ms)
✔ HL-RAD-011: bilingual engine rendering, click/keyboard selection and responsive scene orientation (201.2426ms)
✔ HL-ENV-001: bilingual engine rendering, click/keyboard selection and responsive scene orientation (131.4225ms)
✔ HL-ENV-002: bilingual engine rendering, click/keyboard selection and responsive scene orientation (133.7399ms)
✔ HL-ENV-003: bilingual engine rendering, click/keyboard selection and responsive scene orientation (65.6181ms)
✔ HL-ENV-004: bilingual engine rendering, click/keyboard selection and responsive scene orientation (40.5138ms)
✔ HL-ENV-005: bilingual engine rendering, click/keyboard selection and responsive scene orientation (39.187ms)
✔ HL-ENV-006: bilingual engine rendering, click/keyboard selection and responsive scene orientation (36.4494ms)
✔ HL-ENV-007: bilingual engine rendering, click/keyboard selection and responsive scene orientation (40.8855ms)
✔ HL-ENV-008: bilingual engine rendering, click/keyboard selection and responsive scene orientation (42.4244ms)
✔ HL-ENV-009: bilingual engine rendering, click/keyboard selection and responsive scene orientation (36.5093ms)
✔ HL-ENV-010: bilingual engine rendering, click/keyboard selection and responsive scene orientation (32.9382ms)
✔ HL-SEC-001: bilingual engine rendering, click/keyboard selection and responsive scene orientation (40.2113ms)
✔ HL-SEC-002: bilingual engine rendering, click/keyboard selection and responsive scene orientation (33.3157ms)
✔ HL-SEC-003: bilingual engine rendering, click/keyboard selection and responsive scene orientation (47.7113ms)
✔ HL-SEC-004: bilingual engine rendering, click/keyboard selection and responsive scene orientation (41.5095ms)
✔ HL-SEC-005: bilingual engine rendering, click/keyboard selection and responsive scene orientation (114.9577ms)
✔ HL-SEC-006: bilingual engine rendering, click/keyboard selection and responsive scene orientation (148.7947ms)
✔ HL-SEC-007: bilingual engine rendering, click/keyboard selection and responsive scene orientation (123.9372ms)
✔ HL-SEC-008: bilingual engine rendering, click/keyboard selection and responsive scene orientation (111.4668ms)
✔ new confined-space/LOTO canonical Save recognizes legacy notes and never creates duplicate entries (231.3659ms)
ℹ tests 158
ℹ suites 0
ℹ pass 158
ℹ fail 0
ℹ cancelled 0
ℹ skipped 0
ℹ todo 0
ℹ duration_ms 8590.1421
