✔ migrates all 37 rows with stable IDs and complete typed targets/routes (1.1809ms)
✔ preserves every original bilingual field, row, category and hazard ID (0.5289ms)
✔ keeps ambiguous routes for review without inventing absorption or blood targets (0.188ms)
✔ normalizes all four supported route types without treating contact as absorption (0.1397ms)
✔ selecting Asbestos and Benzene changes one reusable SVG to different configured targets (184.4596ms)
✔ primary and secondary systems expose different roles, callouts and non-color labels (138.3186ms)
✔ reference-style callouts follow anatomy order and use matching region anchors and accents (100.7906ms)
✔ clicking kidneys filters hazards and clearing restores the category (111.3107ms)
✔ an unlisted system has an empty state and a working reset (111.8891ms)
✔ all 17 SVG regions are keyboard buttons; Enter and Space toggle the filter (102.6009ms)
✔ mode tabs show routes and effects and support arrow-key focus navigation (99.7745ms)
✔ systems and effects retain distributed blood and marrow targets without exposure paths (83.5919ms)
✔ effects link individual targets while keeping shared source claims grouped (218.7231ms)
✔ route mode draws the source's ingestion, dermal and percutaneous arrows (205.6923ms)
✔ English, Arabic and Both control anatomy labels, callouts, record rail and effects (138.9466ms)
✔ bilingual search includes body-system aliases and resets a reverse filter (138.1483ms)
✔ biological category uses the same anatomy and preserves transmission review notes (107.7046ms)
✔ source table remains available and returning preserves the explorer selection and language (176.8638ms)
✔ Save and existing saved hazard IDs remain compatible; related links keep the selected query (476.2519ms)
✔ responsive CSS reflows at container width and preserves focus and reduced motion (0.879ms)
✔ all package files match the supplied manifest; phase checkpoints contain 35/37/41/18 exact combined-source records (11.544ms)
✔ lossless controlled adapters retain content, source qualifiers, conditions, tags, and intentionally empty OSHA mappings (13.0522ms)
✔ checkpoint categories have exact counts and every record has reachable bilingual subcategory navigation (155.2719ms)
✔ configured engines, optimized artwork, translated overlays, landmarks and separated mobile markers cover every imported record (2.789ms)
✔ five deterministic reference aliases preserve scene identity and canonical search/save targets (155.6326ms)
✔ the shared search covers every new canonical bilingual field, context, control, tag and unresolved section (413.9805ms)
✔ HL-EXC-001: bilingual engine rendering, click/keyboard selection and responsive scene orientation (81.2312ms)
✔ HL-EXC-002: bilingual engine rendering, click/keyboard selection and responsive scene orientation (56.0623ms)
✔ HL-EXC-003: bilingual engine rendering, click/keyboard selection and responsive scene orientation (51.2042ms)
✔ HL-EXC-004: bilingual engine rendering, click/keyboard selection and responsive scene orientation (51.4963ms)
✔ HL-EXC-005: bilingual engine rendering, click/keyboard selection and responsive scene orientation (24.4786ms)
✔ HL-EXC-006: bilingual engine rendering, click/keyboard selection and responsive scene orientation (20.9666ms)
✔ HL-EXC-007: bilingual engine rendering, click/keyboard selection and responsive scene orientation (18.3489ms)
✔ HL-EXC-008: bilingual engine rendering, click/keyboard selection and responsive scene orientation (18.9895ms)
✔ HL-CONF-001: bilingual engine rendering, click/keyboard selection and responsive scene orientation (22.2809ms)
✔ HL-CONF-002: bilingual engine rendering, click/keyboard selection and responsive scene orientation (19.3741ms)
✔ HL-CONF-003: bilingual engine rendering, click/keyboard selection and responsive scene orientation (21.2686ms)
✔ HL-CONF-004: bilingual engine rendering, click/keyboard selection and responsive scene orientation (20.1938ms)
✔ HL-CONF-005: bilingual engine rendering, click/keyboard selection and responsive scene orientation (18.9406ms)
✔ HL-CONF-006: bilingual engine rendering, click/keyboard selection and responsive scene orientation (20.4769ms)
✔ HL-CONF-007: bilingual engine rendering, click/keyboard selection and responsive scene orientation (20.2879ms)
✔ HL-CONF-008: bilingual engine rendering, click/keyboard selection and responsive scene orientation (18.6491ms)
✔ HL-CONF-009: bilingual engine rendering, click/keyboard selection and responsive scene orientation (22.1822ms)
✔ HL-LOTO-001: bilingual engine rendering, click/keyboard selection and responsive scene orientation (20.6796ms)
✔ HL-LOTO-002: bilingual engine rendering, click/keyboard selection and responsive scene orientation (20.0686ms)
✔ HL-LOTO-003: bilingual engine rendering, click/keyboard selection and responsive scene orientation (19.855ms)
✔ HL-LOTO-004: bilingual engine rendering, click/keyboard selection and responsive scene orientation (21.5572ms)
✔ HL-LOTO-005: bilingual engine rendering, click/keyboard selection and responsive scene orientation (20.0988ms)
✔ HL-LOTO-006: bilingual engine rendering, click/keyboard selection and responsive scene orientation (20.9215ms)
✔ HL-LOTO-007: bilingual engine rendering, click/keyboard selection and responsive scene orientation (21.338ms)
✔ HL-LOTO-008: bilingual engine rendering, click/keyboard selection and responsive scene orientation (19.2885ms)
✔ HL-LOTO-009: bilingual engine rendering, click/keyboard selection and responsive scene orientation (20.6385ms)
✔ HL-LOTO-010: bilingual engine rendering, click/keyboard selection and responsive scene orientation (19.7188ms)
✔ HL-PRESS-001: bilingual engine rendering, click/keyboard selection and responsive scene orientation (18.584ms)
✔ HL-PRESS-002: bilingual engine rendering, click/keyboard selection and responsive scene orientation (19.7068ms)
✔ HL-PRESS-003: bilingual engine rendering, click/keyboard selection and responsive scene orientation (18.1612ms)
✔ HL-PRESS-004: bilingual engine rendering, click/keyboard selection and responsive scene orientation (18.3801ms)
✔ HL-PRESS-005: bilingual engine rendering, click/keyboard selection and responsive scene orientation (19.4328ms)
✔ HL-PRESS-006: bilingual engine rendering, click/keyboard selection and responsive scene orientation (18.0459ms)
✔ HL-PRESS-007: bilingual engine rendering, click/keyboard selection and responsive scene orientation (18.3235ms)
✔ HL-PRESS-008: bilingual engine rendering, click/keyboard selection and responsive scene orientation (23.5479ms)
✔ HL-CHEM-001: bilingual engine rendering, click/keyboard selection and responsive scene orientation (18.6173ms)
✔ HL-CHEM-002: bilingual engine rendering, click/keyboard selection and responsive scene orientation (17.9012ms)
✔ HL-CHEM-003: bilingual engine rendering, click/keyboard selection and responsive scene orientation (21.1002ms)
✔ HL-CHEM-004: bilingual engine rendering, click/keyboard selection and responsive scene orientation (17.9407ms)
✔ HL-CHEM-005: bilingual engine rendering, click/keyboard selection and responsive scene orientation (30.6309ms)
✔ HL-CHEM-006: bilingual engine rendering, click/keyboard selection and responsive scene orientation (18.2228ms)
✔ HL-CHEM-007: bilingual engine rendering, click/keyboard selection and responsive scene orientation (33.4539ms)
✔ HL-CHEM-008: bilingual engine rendering, click/keyboard selection and responsive scene orientation (58.3128ms)
✔ HL-CHEM-009: bilingual engine rendering, click/keyboard selection and responsive scene orientation (56.4605ms)
✔ HL-CHEM-010: bilingual engine rendering, click/keyboard selection and responsive scene orientation (58.2317ms)
✔ HL-CHEM-011: bilingual engine rendering, click/keyboard selection and responsive scene orientation (34.8432ms)
✔ HL-CHEM-012: bilingual engine rendering, click/keyboard selection and responsive scene orientation (18.9954ms)
✔ HL-CHEM-013: bilingual engine rendering, click/keyboard selection and responsive scene orientation (18.1768ms)
✔ HL-CHEM-014: bilingual engine rendering, click/keyboard selection and responsive scene orientation (19.2525ms)
✔ HL-CHEM-015: bilingual engine rendering, click/keyboard selection and responsive scene orientation (20.0469ms)
✔ HL-FIRE-001: bilingual engine rendering, click/keyboard selection and responsive scene orientation (26.0651ms)
✔ HL-FIRE-002: bilingual engine rendering, click/keyboard selection and responsive scene orientation (37.4507ms)
✔ HL-FIRE-003: bilingual engine rendering, click/keyboard selection and responsive scene orientation (36.1081ms)
✔ HL-FIRE-004: bilingual engine rendering, click/keyboard selection and responsive scene orientation (35.5287ms)
✔ HL-FIRE-005: bilingual engine rendering, click/keyboard selection and responsive scene orientation (38.8611ms)
✔ HL-FIRE-006: bilingual engine rendering, click/keyboard selection and responsive scene orientation (34.5488ms)
✔ HL-FIRE-007: bilingual engine rendering, click/keyboard selection and responsive scene orientation (35.7057ms)
✔ HL-FIRE-008: bilingual engine rendering, click/keyboard selection and responsive scene orientation (36.1219ms)
✔ HL-FIRE-009: bilingual engine rendering, click/keyboard selection and responsive scene orientation (39.6066ms)
✔ HL-FIRE-010: bilingual engine rendering, click/keyboard selection and responsive scene orientation (34.8317ms)
✔ HL-FIRE-011: bilingual engine rendering, click/keyboard selection and responsive scene orientation (35.8685ms)
✔ HL-FIRE-012: bilingual engine rendering, click/keyboard selection and responsive scene orientation (35.0112ms)
✔ HL-PSM-001: bilingual engine rendering, click/keyboard selection and responsive scene orientation (34.2601ms)
✔ HL-PSM-002: bilingual engine rendering, click/keyboard selection and responsive scene orientation (37.3678ms)
✔ HL-PSM-003: bilingual engine rendering, click/keyboard selection and responsive scene orientation (34.8595ms)
✔ HL-PSM-004: bilingual engine rendering, click/keyboard selection and responsive scene orientation (34.6142ms)
✔ HL-PSM-005: bilingual engine rendering, click/keyboard selection and responsive scene orientation (36.1657ms)
✔ HL-PSM-006: bilingual engine rendering, click/keyboard selection and responsive scene orientation (34.2124ms)
✔ HL-PSM-007: bilingual engine rendering, click/keyboard selection and responsive scene orientation (38.7556ms)
✔ HL-PSM-008: bilingual engine rendering, click/keyboard selection and responsive scene orientation (89.7126ms)
✔ HL-PSM-009: bilingual engine rendering, click/keyboard selection and responsive scene orientation (107.4873ms)
✔ HL-PSM-010: bilingual engine rendering, click/keyboard selection and responsive scene orientation (103.4616ms)
✔ HL-ERGO-001: bilingual engine rendering, click/keyboard selection and responsive scene orientation (126.1019ms)
✔ HL-ERGO-002: bilingual engine rendering, click/keyboard selection and responsive scene orientation (39.6837ms)
✔ HL-ERGO-003: bilingual engine rendering, click/keyboard selection and responsive scene orientation (40.468ms)
✔ HL-ERGO-004: bilingual engine rendering, click/keyboard selection and responsive scene orientation (33.2226ms)
✔ HL-ERGO-005: bilingual engine rendering, click/keyboard selection and responsive scene orientation (35.698ms)
✔ HL-ERGO-006: bilingual engine rendering, click/keyboard selection and responsive scene orientation (38.146ms)
✔ HL-ERGO-007: bilingual engine rendering, click/keyboard selection and responsive scene orientation (41.7814ms)
✔ HL-ERGO-008: bilingual engine rendering, click/keyboard selection and responsive scene orientation (35.4149ms)
✔ HL-ERGO-009: bilingual engine rendering, click/keyboard selection and responsive scene orientation (35.9337ms)
✔ HL-ERGO-010: bilingual engine rendering, click/keyboard selection and responsive scene orientation (38.9736ms)
✔ HL-ERGO-011: bilingual engine rendering, click/keyboard selection and responsive scene orientation (35.2881ms)
✔ HL-ERGO-012: bilingual engine rendering, click/keyboard selection and responsive scene orientation (33.4665ms)
✔ HL-NOISE-001: bilingual engine rendering, click/keyboard selection and responsive scene orientation (38.8568ms)
✔ HL-NOISE-002: bilingual engine rendering, click/keyboard selection and responsive scene orientation (36.36ms)
✔ HL-NOISE-003: bilingual engine rendering, click/keyboard selection and responsive scene orientation (35.6965ms)
✔ HL-NOISE-004: bilingual engine rendering, click/keyboard selection and responsive scene orientation (39.2978ms)
✔ HL-NOISE-005: bilingual engine rendering, click/keyboard selection and responsive scene orientation (34.1063ms)
✔ HL-NOISE-006: bilingual engine rendering, click/keyboard selection and responsive scene orientation (108.2658ms)
✔ HL-NOISE-007: bilingual engine rendering, click/keyboard selection and responsive scene orientation (114.5091ms)
✔ HL-NOISE-008: bilingual engine rendering, click/keyboard selection and responsive scene orientation (109.4896ms)
✔ HL-THERM-001: bilingual engine rendering, click/keyboard selection and responsive scene orientation (95.6911ms)
✔ HL-THERM-002: bilingual engine rendering, click/keyboard selection and responsive scene orientation (34.8768ms)
✔ HL-THERM-003: bilingual engine rendering, click/keyboard selection and responsive scene orientation (37.103ms)
✔ HL-THERM-004: bilingual engine rendering, click/keyboard selection and responsive scene orientation (36.4423ms)
✔ HL-THERM-005: bilingual engine rendering, click/keyboard selection and responsive scene orientation (34.2906ms)
✔ HL-THERM-006: bilingual engine rendering, click/keyboard selection and responsive scene orientation (35.7948ms)
✔ HL-THERM-007: bilingual engine rendering, click/keyboard selection and responsive scene orientation (38.2436ms)
✔ HL-THERM-008: bilingual engine rendering, click/keyboard selection and responsive scene orientation (39.1838ms)
✔ HL-THERM-009: bilingual engine rendering, click/keyboard selection and responsive scene orientation (33.1632ms)
✔ HL-THERM-010: bilingual engine rendering, click/keyboard selection and responsive scene orientation (35.0897ms)
✔ HL-RAD-001: bilingual engine rendering, click/keyboard selection and responsive scene orientation (36.0676ms)
✔ HL-RAD-002: bilingual engine rendering, click/keyboard selection and responsive scene orientation (33.8418ms)
✔ HL-RAD-003: bilingual engine rendering, click/keyboard selection and responsive scene orientation (41.9239ms)
✔ HL-RAD-004: bilingual engine rendering, click/keyboard selection and responsive scene orientation (40.7414ms)
✔ HL-RAD-005: bilingual engine rendering, click/keyboard selection and responsive scene orientation (38.9291ms)
✔ HL-RAD-006: bilingual engine rendering, click/keyboard selection and responsive scene orientation (36.0952ms)
✔ HL-RAD-007: bilingual engine rendering, click/keyboard selection and responsive scene orientation (79.8502ms)
✔ HL-RAD-008: bilingual engine rendering, click/keyboard selection and responsive scene orientation (119.9202ms)
✔ HL-RAD-009: bilingual engine rendering, click/keyboard selection and responsive scene orientation (115.0318ms)
✔ HL-RAD-010: bilingual engine rendering, click/keyboard selection and responsive scene orientation (129.6915ms)
✔ HL-RAD-011: bilingual engine rendering, click/keyboard selection and responsive scene orientation (52.8324ms)
✔ new confined-space/LOTO canonical Save recognizes legacy notes and never creates duplicate entries (242.5272ms)
ℹ tests 140
ℹ suites 0
ℹ pass 140
ℹ fail 0
ℹ cancelled 0
ℹ skipped 0
ℹ todo 0
ℹ duration_ms 6503.343
