✔ migrates all 37 rows with stable IDs and complete typed targets/routes (1.2561ms)
✔ preserves every original bilingual field, row, category and hazard ID (0.5348ms)
✔ keeps ambiguous routes for review without inventing absorption or blood targets (0.1922ms)
✔ normalizes all four supported route types without treating contact as absorption (0.1335ms)
✔ selecting Asbestos and Benzene changes one reusable SVG to different configured targets (193.0011ms)
✔ primary and secondary systems expose different roles, callouts and non-color labels (136.763ms)
✔ reference-style callouts follow anatomy order and use matching region anchors and accents (99.7428ms)
✔ clicking kidneys filters hazards and clearing restores the category (110.4887ms)
✔ an unlisted system has an empty state and a working reset (114.6388ms)
✔ all 17 SVG regions are keyboard buttons; Enter and Space toggle the filter (103.6627ms)
✔ mode tabs show routes and effects and support arrow-key focus navigation (93.0209ms)
✔ systems and effects retain distributed blood and marrow targets without exposure paths (89.396ms)
✔ effects link individual targets while keeping shared source claims grouped (216.7346ms)
✔ route mode draws the source's ingestion, dermal and percutaneous arrows (202.2513ms)
✔ English, Arabic and Both control anatomy labels, callouts, record rail and effects (138.7787ms)
✔ bilingual search includes body-system aliases and resets a reverse filter (127.8717ms)
✔ biological category uses the same anatomy and preserves transmission review notes (108.642ms)
✔ source table remains available and returning preserves the explorer selection and language (168.46ms)
✔ Save and existing saved hazard IDs remain compatible; related links keep the selected query (176.0068ms)
✔ responsive CSS reflows at container width and preserves focus and reduced motion (0.6668ms)
✔ all package files match the supplied manifest; phase checkpoints contain 35/37/41/18 exact combined-source records (11.0071ms)
✔ lossless controlled adapters retain content, source qualifiers, conditions, tags, and intentionally empty OSHA mappings (12.8682ms)
✔ checkpoint categories have exact counts and every record has reachable bilingual subcategory navigation (147.7428ms)
✔ configured engines, optimized artwork, translated overlays, landmarks and separated mobile markers cover every imported record (1.9353ms)
✔ five deterministic reference aliases preserve scene identity and canonical search/save targets (117.0895ms)
✔ the shared search covers every new canonical bilingual field, context, control, tag and unresolved section (262.5295ms)
✔ HL-EXC-001: bilingual engine rendering, click/keyboard selection and responsive scene orientation (84.1391ms)
✔ HL-EXC-002: bilingual engine rendering, click/keyboard selection and responsive scene orientation (58.6872ms)
✔ HL-EXC-003: bilingual engine rendering, click/keyboard selection and responsive scene orientation (52.2566ms)
✔ HL-EXC-004: bilingual engine rendering, click/keyboard selection and responsive scene orientation (52.265ms)
✔ HL-EXC-005: bilingual engine rendering, click/keyboard selection and responsive scene orientation (22.4765ms)
✔ HL-EXC-006: bilingual engine rendering, click/keyboard selection and responsive scene orientation (19.8026ms)
✔ HL-EXC-007: bilingual engine rendering, click/keyboard selection and responsive scene orientation (18.8504ms)
✔ HL-EXC-008: bilingual engine rendering, click/keyboard selection and responsive scene orientation (19.7379ms)
✔ HL-CONF-001: bilingual engine rendering, click/keyboard selection and responsive scene orientation (22.1659ms)
✔ HL-CONF-002: bilingual engine rendering, click/keyboard selection and responsive scene orientation (19.2866ms)
✔ HL-CONF-003: bilingual engine rendering, click/keyboard selection and responsive scene orientation (22.7594ms)
✔ HL-CONF-004: bilingual engine rendering, click/keyboard selection and responsive scene orientation (19.1476ms)
✔ HL-CONF-005: bilingual engine rendering, click/keyboard selection and responsive scene orientation (19.3165ms)
✔ HL-CONF-006: bilingual engine rendering, click/keyboard selection and responsive scene orientation (21.1812ms)
✔ HL-CONF-007: bilingual engine rendering, click/keyboard selection and responsive scene orientation (19.8107ms)
✔ HL-CONF-008: bilingual engine rendering, click/keyboard selection and responsive scene orientation (19.7939ms)
✔ HL-CONF-009: bilingual engine rendering, click/keyboard selection and responsive scene orientation (22.5879ms)
✔ HL-LOTO-001: bilingual engine rendering, click/keyboard selection and responsive scene orientation (20.7846ms)
✔ HL-LOTO-002: bilingual engine rendering, click/keyboard selection and responsive scene orientation (22.3971ms)
✔ HL-LOTO-003: bilingual engine rendering, click/keyboard selection and responsive scene orientation (20.1105ms)
✔ HL-LOTO-004: bilingual engine rendering, click/keyboard selection and responsive scene orientation (20.1431ms)
✔ HL-LOTO-005: bilingual engine rendering, click/keyboard selection and responsive scene orientation (22.0969ms)
✔ HL-LOTO-006: bilingual engine rendering, click/keyboard selection and responsive scene orientation (21.103ms)
✔ HL-LOTO-007: bilingual engine rendering, click/keyboard selection and responsive scene orientation (21.0178ms)
✔ HL-LOTO-008: bilingual engine rendering, click/keyboard selection and responsive scene orientation (18.6171ms)
✔ HL-LOTO-009: bilingual engine rendering, click/keyboard selection and responsive scene orientation (20.5295ms)
✔ HL-LOTO-010: bilingual engine rendering, click/keyboard selection and responsive scene orientation (19.6838ms)
✔ HL-PRESS-001: bilingual engine rendering, click/keyboard selection and responsive scene orientation (18.1439ms)
✔ HL-PRESS-002: bilingual engine rendering, click/keyboard selection and responsive scene orientation (19.5617ms)
✔ HL-PRESS-003: bilingual engine rendering, click/keyboard selection and responsive scene orientation (18.021ms)
✔ HL-PRESS-004: bilingual engine rendering, click/keyboard selection and responsive scene orientation (18.7505ms)
✔ HL-PRESS-005: bilingual engine rendering, click/keyboard selection and responsive scene orientation (19.5809ms)
✔ HL-PRESS-006: bilingual engine rendering, click/keyboard selection and responsive scene orientation (17.7785ms)
✔ HL-PRESS-007: bilingual engine rendering, click/keyboard selection and responsive scene orientation (18.7431ms)
✔ HL-PRESS-008: bilingual engine rendering, click/keyboard selection and responsive scene orientation (23.0445ms)
✔ HL-CHEM-001: bilingual engine rendering, click/keyboard selection and responsive scene orientation (18.017ms)
✔ HL-CHEM-002: bilingual engine rendering, click/keyboard selection and responsive scene orientation (18.0576ms)
✔ HL-CHEM-003: bilingual engine rendering, click/keyboard selection and responsive scene orientation (20.3269ms)
✔ HL-CHEM-004: bilingual engine rendering, click/keyboard selection and responsive scene orientation (18.264ms)
✔ HL-CHEM-005: bilingual engine rendering, click/keyboard selection and responsive scene orientation (27.0595ms)
✔ HL-CHEM-006: bilingual engine rendering, click/keyboard selection and responsive scene orientation (18.7038ms)
✔ HL-CHEM-007: bilingual engine rendering, click/keyboard selection and responsive scene orientation (42.5425ms)
✔ HL-CHEM-008: bilingual engine rendering, click/keyboard selection and responsive scene orientation (59.6482ms)
✔ HL-CHEM-009: bilingual engine rendering, click/keyboard selection and responsive scene orientation (57.7811ms)
✔ HL-CHEM-010: bilingual engine rendering, click/keyboard selection and responsive scene orientation (56.6759ms)
✔ HL-CHEM-011: bilingual engine rendering, click/keyboard selection and responsive scene orientation (25.9247ms)
✔ HL-CHEM-012: bilingual engine rendering, click/keyboard selection and responsive scene orientation (18.5805ms)
✔ HL-CHEM-013: bilingual engine rendering, click/keyboard selection and responsive scene orientation (18.7565ms)
✔ HL-CHEM-014: bilingual engine rendering, click/keyboard selection and responsive scene orientation (21.2824ms)
✔ HL-CHEM-015: bilingual engine rendering, click/keyboard selection and responsive scene orientation (18.3495ms)
✔ HL-FIRE-001: bilingual engine rendering, click/keyboard selection and responsive scene orientation (19.3669ms)
✔ HL-FIRE-002: bilingual engine rendering, click/keyboard selection and responsive scene orientation (19.0606ms)
✔ HL-FIRE-003: bilingual engine rendering, click/keyboard selection and responsive scene orientation (17.9117ms)
✔ HL-FIRE-004: bilingual engine rendering, click/keyboard selection and responsive scene orientation (17.8519ms)
✔ HL-FIRE-005: bilingual engine rendering, click/keyboard selection and responsive scene orientation (20.093ms)
✔ HL-FIRE-006: bilingual engine rendering, click/keyboard selection and responsive scene orientation (18.7145ms)
✔ HL-FIRE-007: bilingual engine rendering, click/keyboard selection and responsive scene orientation (18.7848ms)
✔ HL-FIRE-008: bilingual engine rendering, click/keyboard selection and responsive scene orientation (20.4947ms)
✔ HL-FIRE-009: bilingual engine rendering, click/keyboard selection and responsive scene orientation (20.6857ms)
✔ HL-FIRE-010: bilingual engine rendering, click/keyboard selection and responsive scene orientation (17.8793ms)
✔ HL-FIRE-011: bilingual engine rendering, click/keyboard selection and responsive scene orientation (18.7528ms)
✔ HL-FIRE-012: bilingual engine rendering, click/keyboard selection and responsive scene orientation (18.5586ms)
✔ HL-PSM-001: bilingual engine rendering, click/keyboard selection and responsive scene orientation (18.0935ms)
✔ HL-PSM-002: bilingual engine rendering, click/keyboard selection and responsive scene orientation (19.9353ms)
✔ HL-PSM-003: bilingual engine rendering, click/keyboard selection and responsive scene orientation (17.9927ms)
✔ HL-PSM-004: bilingual engine rendering, click/keyboard selection and responsive scene orientation (17.6304ms)
✔ HL-PSM-005: bilingual engine rendering, click/keyboard selection and responsive scene orientation (20.5826ms)
✔ HL-PSM-006: bilingual engine rendering, click/keyboard selection and responsive scene orientation (17.6069ms)
✔ HL-PSM-007: bilingual engine rendering, click/keyboard selection and responsive scene orientation (17.7863ms)
✔ HL-PSM-008: bilingual engine rendering, click/keyboard selection and responsive scene orientation (18.7248ms)
✔ HL-PSM-009: bilingual engine rendering, click/keyboard selection and responsive scene orientation (17.7626ms)
✔ HL-PSM-010: bilingual engine rendering, click/keyboard selection and responsive scene orientation (17.8976ms)
✔ new confined-space/LOTO canonical Save recognizes legacy notes and never creates duplicate entries (94.706ms)
ℹ tests 99
ℹ suites 0
ℹ pass 99
ℹ fail 0
ℹ cancelled 0
ℹ skipped 0
ℹ todo 0
ℹ duration_ms 3330.9372
