✔ migrates all 37 rows with stable IDs and complete typed targets/routes (1.2076ms)
✔ preserves every original bilingual field, row, category and hazard ID (0.5359ms)
✔ keeps ambiguous routes for review without inventing absorption or blood targets (0.2035ms)
✔ normalizes all four supported route types without treating contact as absorption (0.1447ms)
✔ selecting Asbestos and Benzene changes one reusable SVG to different configured targets (190.0093ms)
✔ primary and secondary systems expose different roles, callouts and non-color labels (131.9164ms)
✔ reference-style callouts follow anatomy order and use matching region anchors and accents (104.6937ms)
✔ clicking kidneys filters hazards and clearing restores the category (112.3454ms)
✔ an unlisted system has an empty state and a working reset (107.5721ms)
✔ all 17 SVG regions are keyboard buttons; Enter and Space toggle the filter (105.0345ms)
✔ mode tabs show routes and effects and support arrow-key focus navigation (97.5078ms)
✔ systems and effects retain distributed blood and marrow targets without exposure paths (91.7185ms)
✔ effects link individual targets while keeping shared source claims grouped (218.7879ms)
✔ route mode draws the source's ingestion, dermal and percutaneous arrows (206.6657ms)
✔ English, Arabic and Both control anatomy labels, callouts, record rail and effects (136.9821ms)
✔ bilingual search includes body-system aliases and resets a reverse filter (121.6692ms)
✔ biological category uses the same anatomy and preserves transmission review notes (102.7543ms)
✔ source table remains available and returning preserves the explorer selection and language (163.2639ms)
✔ Save and existing saved hazard IDs remain compatible; related links keep the selected query (137.8943ms)
✔ responsive CSS reflows at container width and preserves focus and reduced motion (0.6818ms)
✔ all package files match the supplied manifest; phase checkpoints contain 35/37/41/18 exact combined-source records (10.4219ms)
✔ lossless controlled adapters retain content, source qualifiers, conditions, tags, and intentionally empty OSHA mappings (12.0532ms)
✔ checkpoint categories have exact counts and every record has reachable bilingual subcategory navigation (140.7495ms)
✔ configured engines, optimized artwork, translated overlays, landmarks and separated mobile markers cover every imported record (1.2587ms)
✔ five deterministic reference aliases preserve scene identity and canonical search/save targets (84.4311ms)
✔ the shared search covers every new canonical bilingual field, context, control, tag and unresolved section (123.9296ms)
✔ HL-EXC-001: bilingual engine rendering, click/keyboard selection and responsive scene orientation (79.2884ms)
✔ HL-EXC-002: bilingual engine rendering, click/keyboard selection and responsive scene orientation (56.1581ms)
✔ HL-EXC-003: bilingual engine rendering, click/keyboard selection and responsive scene orientation (51.004ms)
✔ HL-EXC-004: bilingual engine rendering, click/keyboard selection and responsive scene orientation (53.9231ms)
✔ HL-EXC-005: bilingual engine rendering, click/keyboard selection and responsive scene orientation (22.6535ms)
✔ HL-EXC-006: bilingual engine rendering, click/keyboard selection and responsive scene orientation (19.3492ms)
✔ HL-EXC-007: bilingual engine rendering, click/keyboard selection and responsive scene orientation (18.6907ms)
✔ HL-EXC-008: bilingual engine rendering, click/keyboard selection and responsive scene orientation (20.2321ms)
✔ HL-CONF-001: bilingual engine rendering, click/keyboard selection and responsive scene orientation (22.2145ms)
✔ HL-CONF-002: bilingual engine rendering, click/keyboard selection and responsive scene orientation (20.116ms)
✔ HL-CONF-003: bilingual engine rendering, click/keyboard selection and responsive scene orientation (21.1776ms)
✔ HL-CONF-004: bilingual engine rendering, click/keyboard selection and responsive scene orientation (19.4206ms)
✔ HL-CONF-005: bilingual engine rendering, click/keyboard selection and responsive scene orientation (19.9417ms)
✔ HL-CONF-006: bilingual engine rendering, click/keyboard selection and responsive scene orientation (20.219ms)
✔ HL-CONF-007: bilingual engine rendering, click/keyboard selection and responsive scene orientation (19.9016ms)
✔ HL-CONF-008: bilingual engine rendering, click/keyboard selection and responsive scene orientation (19.6016ms)
✔ HL-CONF-009: bilingual engine rendering, click/keyboard selection and responsive scene orientation (22.4054ms)
✔ HL-LOTO-001: bilingual engine rendering, click/keyboard selection and responsive scene orientation (20.4653ms)
✔ HL-LOTO-002: bilingual engine rendering, click/keyboard selection and responsive scene orientation (22.9727ms)
✔ HL-LOTO-003: bilingual engine rendering, click/keyboard selection and responsive scene orientation (19.8981ms)
✔ HL-LOTO-004: bilingual engine rendering, click/keyboard selection and responsive scene orientation (20.1178ms)
✔ HL-LOTO-005: bilingual engine rendering, click/keyboard selection and responsive scene orientation (21.8116ms)
✔ HL-LOTO-006: bilingual engine rendering, click/keyboard selection and responsive scene orientation (21.0309ms)
✔ HL-LOTO-007: bilingual engine rendering, click/keyboard selection and responsive scene orientation (21.1414ms)
✔ HL-LOTO-008: bilingual engine rendering, click/keyboard selection and responsive scene orientation (18.6525ms)
✔ HL-LOTO-009: bilingual engine rendering, click/keyboard selection and responsive scene orientation (20.679ms)
✔ HL-LOTO-010: bilingual engine rendering, click/keyboard selection and responsive scene orientation (19.4993ms)
✔ HL-PRESS-001: bilingual engine rendering, click/keyboard selection and responsive scene orientation (18.0645ms)
✔ HL-PRESS-002: bilingual engine rendering, click/keyboard selection and responsive scene orientation (19.6008ms)
✔ HL-PRESS-003: bilingual engine rendering, click/keyboard selection and responsive scene orientation (19.0578ms)
✔ HL-PRESS-004: bilingual engine rendering, click/keyboard selection and responsive scene orientation (17.571ms)
✔ HL-PRESS-005: bilingual engine rendering, click/keyboard selection and responsive scene orientation (19.3024ms)
✔ HL-PRESS-006: bilingual engine rendering, click/keyboard selection and responsive scene orientation (18.3099ms)
✔ HL-PRESS-007: bilingual engine rendering, click/keyboard selection and responsive scene orientation (18.2693ms)
✔ HL-PRESS-008: bilingual engine rendering, click/keyboard selection and responsive scene orientation (20.9288ms)
✔ new confined-space/LOTO canonical Save recognizes legacy notes and never creates duplicate entries (93.3353ms)
ℹ tests 62
ℹ suites 0
ℹ pass 62
ℹ fail 0
ℹ cancelled 0
ℹ skipped 0
ℹ todo 0
ℹ duration_ms 3141.2426
