✔ all package files match the supplied manifest; phase checkpoints contain 35/37/41/18 exact combined-source records (6.9442ms)
✔ lossless controlled adapters retain content, source qualifiers, conditions, tags, and intentionally empty OSHA mappings (1.8103ms)
✔ checkpoint categories have exact counts and every record has reachable bilingual subcategory navigation (24.2968ms)
✔ configured engines, optimized artwork, translated overlays, landmarks and separated mobile markers cover every imported record (2.9237ms)
✔ five deterministic reference aliases preserve scene identity and canonical search/save targets (163.2397ms)
✔ protective airflow, egress and distance overlays remain control points rather than hazard labels (0.275ms)
✔ the shared search covers every new canonical bilingual field, context, control, tag and unresolved section (475.0531ms)
✔ stored-energy spelling alias is supported by existing mechanical energy questions and rejects partial or unrelated matches (37.3756ms)
✔ HL-EXC-001: bilingual engine rendering, click/keyboard selection and responsive scene orientation (79.9191ms)
✔ HL-EXC-002: bilingual engine rendering, click/keyboard selection and responsive scene orientation (51.5409ms)
✔ HL-EXC-003: bilingual engine rendering, click/keyboard selection and responsive scene orientation (55.206ms)
✔ HL-EXC-004: bilingual engine rendering, click/keyboard selection and responsive scene orientation (51.6307ms)
✔ HL-EXC-005: bilingual engine rendering, click/keyboard selection and responsive scene orientation (27.4686ms)
✔ HL-EXC-006: bilingual engine rendering, click/keyboard selection and responsive scene orientation (21.4293ms)
✔ HL-EXC-007: bilingual engine rendering, click/keyboard selection and responsive scene orientation (19.2299ms)
✔ HL-EXC-008: bilingual engine rendering, click/keyboard selection and responsive scene orientation (23.3882ms)
✔ HL-CONF-001: bilingual engine rendering, click/keyboard selection and responsive scene orientation (22.0218ms)
✔ HL-CONF-002: bilingual engine rendering, click/keyboard selection and responsive scene orientation (24.7992ms)
✔ HL-CONF-003: bilingual engine rendering, click/keyboard selection and responsive scene orientation (19.8765ms)
✔ HL-CONF-004: bilingual engine rendering, click/keyboard selection and responsive scene orientation (24.6742ms)
✔ HL-CONF-005: bilingual engine rendering, click/keyboard selection and responsive scene orientation (19.385ms)
✔ HL-CONF-006: bilingual engine rendering, click/keyboard selection and responsive scene orientation (25.5511ms)
✔ HL-CONF-007: bilingual engine rendering, click/keyboard selection and responsive scene orientation (19.7923ms)
✔ HL-CONF-008: bilingual engine rendering, click/keyboard selection and responsive scene orientation (19.3952ms)
✔ HL-CONF-009: bilingual engine rendering, click/keyboard selection and responsive scene orientation (27.236ms)
✔ HL-LOTO-001: bilingual engine rendering, click/keyboard selection and responsive scene orientation (21.0176ms)
✔ HL-LOTO-002: bilingual engine rendering, click/keyboard selection and responsive scene orientation (33.8752ms)
✔ HL-LOTO-003: bilingual engine rendering, click/keyboard selection and responsive scene orientation (18.9218ms)
✔ HL-LOTO-004: bilingual engine rendering, click/keyboard selection and responsive scene orientation (20.4597ms)
✔ HL-LOTO-005: bilingual engine rendering, click/keyboard selection and responsive scene orientation (24.9259ms)
✔ HL-LOTO-006: bilingual engine rendering, click/keyboard selection and responsive scene orientation (20.5426ms)
✔ HL-LOTO-007: bilingual engine rendering, click/keyboard selection and responsive scene orientation (26.5344ms)
✔ HL-LOTO-008: bilingual engine rendering, click/keyboard selection and responsive scene orientation (18.626ms)
✔ HL-LOTO-009: bilingual engine rendering, click/keyboard selection and responsive scene orientation (24.6902ms)
✔ HL-LOTO-010: bilingual engine rendering, click/keyboard selection and responsive scene orientation (18.9359ms)
✔ HL-PRESS-001: bilingual engine rendering, click/keyboard selection and responsive scene orientation (23.5103ms)
✔ HL-PRESS-002: bilingual engine rendering, click/keyboard selection and responsive scene orientation (20.0863ms)
✔ HL-PRESS-003: bilingual engine rendering, click/keyboard selection and responsive scene orientation (24.2646ms)
✔ HL-PRESS-004: bilingual engine rendering, click/keyboard selection and responsive scene orientation (20.198ms)
✔ HL-PRESS-005: bilingual engine rendering, click/keyboard selection and responsive scene orientation (23.371ms)
✔ HL-PRESS-006: bilingual engine rendering, click/keyboard selection and responsive scene orientation (19.0079ms)
✔ HL-PRESS-007: bilingual engine rendering, click/keyboard selection and responsive scene orientation (18.0705ms)
✔ HL-PRESS-008: bilingual engine rendering, click/keyboard selection and responsive scene orientation (24.738ms)
✔ HL-CHEM-001: bilingual engine rendering, click/keyboard selection and responsive scene orientation (18.4658ms)
✔ HL-CHEM-002: bilingual engine rendering, click/keyboard selection and responsive scene orientation (22.9395ms)
✔ HL-CHEM-003: bilingual engine rendering, click/keyboard selection and responsive scene orientation (18.0358ms)
✔ HL-CHEM-004: bilingual engine rendering, click/keyboard selection and responsive scene orientation (42.3946ms)
✔ HL-CHEM-005: bilingual engine rendering, click/keyboard selection and responsive scene orientation (53.75ms)
✔ HL-CHEM-006: bilingual engine rendering, click/keyboard selection and responsive scene orientation (62.7121ms)
✔ HL-CHEM-007: bilingual engine rendering, click/keyboard selection and responsive scene orientation (55.322ms)
✔ HL-CHEM-008: bilingual engine rendering, click/keyboard selection and responsive scene orientation (63.8634ms)
✔ HL-CHEM-009: bilingual engine rendering, click/keyboard selection and responsive scene orientation (37.3961ms)
✔ HL-CHEM-010: bilingual engine rendering, click/keyboard selection and responsive scene orientation (37.8916ms)
✔ HL-CHEM-011: bilingual engine rendering, click/keyboard selection and responsive scene orientation (30.1509ms)
✔ HL-CHEM-012: bilingual engine rendering, click/keyboard selection and responsive scene orientation (47.6809ms)
✔ HL-CHEM-013: bilingual engine rendering, click/keyboard selection and responsive scene orientation (46.5645ms)
✔ HL-CHEM-014: bilingual engine rendering, click/keyboard selection and responsive scene orientation (39.2505ms)
✔ HL-CHEM-015: bilingual engine rendering, click/keyboard selection and responsive scene orientation (38.6156ms)
✔ HL-FIRE-001: bilingual engine rendering, click/keyboard selection and responsive scene orientation (53.7938ms)
✔ HL-FIRE-002: bilingual engine rendering, click/keyboard selection and responsive scene orientation (57.5618ms)
✔ HL-FIRE-003: bilingual engine rendering, click/keyboard selection and responsive scene orientation (47.404ms)
✔ HL-FIRE-004: bilingual engine rendering, click/keyboard selection and responsive scene orientation (34.5989ms)
✔ HL-FIRE-005: bilingual engine rendering, click/keyboard selection and responsive scene orientation (44.2187ms)
✔ HL-FIRE-006: bilingual engine rendering, click/keyboard selection and responsive scene orientation (35.1579ms)
✔ HL-FIRE-007: bilingual engine rendering, click/keyboard selection and responsive scene orientation (41.1915ms)
✔ HL-FIRE-008: bilingual engine rendering, click/keyboard selection and responsive scene orientation (56.8353ms)
✔ HL-FIRE-009: bilingual engine rendering, click/keyboard selection and responsive scene orientation (57.5617ms)
✔ HL-FIRE-010: bilingual engine rendering, click/keyboard selection and responsive scene orientation (89.4139ms)
✔ HL-FIRE-011: bilingual engine rendering, click/keyboard selection and responsive scene orientation (204.4256ms)
✔ HL-FIRE-012: bilingual engine rendering, click/keyboard selection and responsive scene orientation (180.0097ms)
✔ HL-PSM-001: bilingual engine rendering, click/keyboard selection and responsive scene orientation (134.2279ms)
✔ HL-PSM-002: bilingual engine rendering, click/keyboard selection and responsive scene orientation (63.6963ms)
✔ HL-PSM-003: bilingual engine rendering, click/keyboard selection and responsive scene orientation (37.0015ms)
✔ HL-PSM-004: bilingual engine rendering, click/keyboard selection and responsive scene orientation (45.6378ms)
✔ HL-PSM-005: bilingual engine rendering, click/keyboard selection and responsive scene orientation (38.9792ms)
✔ HL-PSM-006: bilingual engine rendering, click/keyboard selection and responsive scene orientation (53.1377ms)
✔ HL-PSM-007: bilingual engine rendering, click/keyboard selection and responsive scene orientation (39.3988ms)
✔ HL-PSM-008: bilingual engine rendering, click/keyboard selection and responsive scene orientation (47.8054ms)
✔ HL-PSM-009: bilingual engine rendering, click/keyboard selection and responsive scene orientation (52.4117ms)
✔ HL-PSM-010: bilingual engine rendering, click/keyboard selection and responsive scene orientation (87.0509ms)
✔ HL-ERGO-001: bilingual engine rendering, click/keyboard selection and responsive scene orientation (129.7014ms)
✔ HL-ERGO-002: bilingual engine rendering, click/keyboard selection and responsive scene orientation (118.3769ms)
✔ HL-ERGO-003: bilingual engine rendering, click/keyboard selection and responsive scene orientation (141.5427ms)
✔ HL-ERGO-004: bilingual engine rendering, click/keyboard selection and responsive scene orientation (67.1244ms)
✔ HL-ERGO-005: bilingual engine rendering, click/keyboard selection and responsive scene orientation (37.3624ms)
✔ HL-ERGO-006: bilingual engine rendering, click/keyboard selection and responsive scene orientation (46.051ms)
✔ HL-ERGO-007: bilingual engine rendering, click/keyboard selection and responsive scene orientation (37.9114ms)
✔ HL-ERGO-008: bilingual engine rendering, click/keyboard selection and responsive scene orientation (45.6448ms)
✔ HL-ERGO-009: bilingual engine rendering, click/keyboard selection and responsive scene orientation (52.0567ms)
✔ HL-ERGO-010: bilingual engine rendering, click/keyboard selection and responsive scene orientation (46.1887ms)
✔ HL-ERGO-011: bilingual engine rendering, click/keyboard selection and responsive scene orientation (39.3831ms)
✔ HL-ERGO-012: bilingual engine rendering, click/keyboard selection and responsive scene orientation (57.2368ms)
✔ HL-NOISE-001: bilingual engine rendering, click/keyboard selection and responsive scene orientation (40.9503ms)
✔ HL-NOISE-002: bilingual engine rendering, click/keyboard selection and responsive scene orientation (36.0409ms)
✔ HL-NOISE-003: bilingual engine rendering, click/keyboard selection and responsive scene orientation (48.0019ms)
✔ HL-NOISE-004: bilingual engine rendering, click/keyboard selection and responsive scene orientation (131.7273ms)
✔ HL-NOISE-005: bilingual engine rendering, click/keyboard selection and responsive scene orientation (155.0789ms)
✔ HL-NOISE-006: bilingual engine rendering, click/keyboard selection and responsive scene orientation (108.21ms)
✔ HL-NOISE-007: bilingual engine rendering, click/keyboard selection and responsive scene orientation (118.4307ms)
✔ HL-NOISE-008: bilingual engine rendering, click/keyboard selection and responsive scene orientation (45.4171ms)
✔ HL-THERM-001: bilingual engine rendering, click/keyboard selection and responsive scene orientation (55.9974ms)
✔ HL-THERM-002: bilingual engine rendering, click/keyboard selection and responsive scene orientation (39.131ms)
✔ HL-THERM-003: bilingual engine rendering, click/keyboard selection and responsive scene orientation (55.2091ms)
✔ HL-THERM-004: bilingual engine rendering, click/keyboard selection and responsive scene orientation (35.0864ms)
✔ HL-THERM-005: bilingual engine rendering, click/keyboard selection and responsive scene orientation (50.5753ms)
✔ HL-THERM-006: bilingual engine rendering, click/keyboard selection and responsive scene orientation (53.3526ms)
✔ HL-THERM-007: bilingual engine rendering, click/keyboard selection and responsive scene orientation (36.0143ms)
✔ HL-THERM-008: bilingual engine rendering, click/keyboard selection and responsive scene orientation (77.131ms)
✔ HL-THERM-009: bilingual engine rendering, click/keyboard selection and responsive scene orientation (47.5943ms)
✔ HL-THERM-010: bilingual engine rendering, click/keyboard selection and responsive scene orientation (98.7413ms)
✔ HL-RAD-001: bilingual engine rendering, click/keyboard selection and responsive scene orientation (107.4808ms)
✔ HL-RAD-002: bilingual engine rendering, click/keyboard selection and responsive scene orientation (124.7047ms)
✔ HL-RAD-003: bilingual engine rendering, click/keyboard selection and responsive scene orientation (155.8443ms)
✔ HL-RAD-004: bilingual engine rendering, click/keyboard selection and responsive scene orientation (50.758ms)
✔ HL-RAD-005: bilingual engine rendering, click/keyboard selection and responsive scene orientation (45.9696ms)
✔ HL-RAD-006: bilingual engine rendering, click/keyboard selection and responsive scene orientation (37.8904ms)
✔ HL-RAD-007: bilingual engine rendering, click/keyboard selection and responsive scene orientation (55.3948ms)
✔ HL-RAD-008: bilingual engine rendering, click/keyboard selection and responsive scene orientation (47.8415ms)
✔ HL-RAD-009: bilingual engine rendering, click/keyboard selection and responsive scene orientation (57.9895ms)
✔ HL-RAD-010: bilingual engine rendering, click/keyboard selection and responsive scene orientation (36.127ms)
✔ HL-RAD-011: bilingual engine rendering, click/keyboard selection and responsive scene orientation (51.2619ms)
✔ HL-ENV-001: bilingual engine rendering, click/keyboard selection and responsive scene orientation (41.5529ms)
✔ HL-ENV-002: bilingual engine rendering, click/keyboard selection and responsive scene orientation (59.5624ms)
✔ HL-ENV-003: bilingual engine rendering, click/keyboard selection and responsive scene orientation (46.1348ms)
✔ HL-ENV-004: bilingual engine rendering, click/keyboard selection and responsive scene orientation (98.1541ms)
✔ HL-ENV-005: bilingual engine rendering, click/keyboard selection and responsive scene orientation (123.2815ms)
✔ HL-ENV-006: bilingual engine rendering, click/keyboard selection and responsive scene orientation (111.9837ms)
✔ HL-ENV-007: bilingual engine rendering, click/keyboard selection and responsive scene orientation (115.3111ms)
✔ HL-ENV-008: bilingual engine rendering, click/keyboard selection and responsive scene orientation (36.1412ms)
✔ HL-ENV-009: bilingual engine rendering, click/keyboard selection and responsive scene orientation (46.5978ms)
✔ HL-ENV-010: bilingual engine rendering, click/keyboard selection and responsive scene orientation (44.1947ms)
✔ HL-SEC-001: bilingual engine rendering, click/keyboard selection and responsive scene orientation (55.7208ms)
✔ HL-SEC-002: bilingual engine rendering, click/keyboard selection and responsive scene orientation (47.795ms)
✔ HL-SEC-003: bilingual engine rendering, click/keyboard selection and responsive scene orientation (45.2435ms)
✔ HL-SEC-004: bilingual engine rendering, click/keyboard selection and responsive scene orientation (71.3872ms)
✔ HL-SEC-005: bilingual engine rendering, click/keyboard selection and responsive scene orientation (47.4113ms)
✔ HL-SEC-006: bilingual engine rendering, click/keyboard selection and responsive scene orientation (33.6237ms)
✔ HL-SEC-007: bilingual engine rendering, click/keyboard selection and responsive scene orientation (41.714ms)
✔ HL-SEC-008: bilingual engine rendering, click/keyboard selection and responsive scene orientation (26.7622ms)
✔ all 37 preserved Occupational Health records render all three language modes through the body engine (3524.5406ms)
✔ new confined-space/LOTO canonical Save recognizes legacy notes and never creates duplicate entries (312.1429ms)
✔ final visible catalog and global index contain exactly 220 canonical destinations and no prototypes (333.6612ms)
✔ broad radiation legacy view preserves identity and notes, never aliases to a subtype or enters the rail (400.5663ms)
✔ dual legacy/canonical saves share one notebook resource without losing independently editable notes or timestamps (27.2562ms)
✔ generic details retain final source caveats, exact controls and Standards/Practice payloads (2042.0662ms)
ℹ tests 145
ℹ suites 0
ℹ pass 145
ℹ fail 0
ℹ cancelled 0
ℹ skipped 0
ℹ todo 0
ℹ duration_ms 15513.9059
