$ cross-env WRANGLER_LOG_PATH=.wrangler/wrangler.log vinext build

  vinext build  (Vite 8.0.13)

[1/5] analyze client references...
[2K
transforming...✓ 283 modules transformed.
rendering chunks...
✓ built in 611ms
[2/5] analyze server references...
[2K
transforming...✓ 313 modules transformed.
rendering chunks...
✓ built in 480ms
[3/5] build rsc environment...
[2K
transforming...✓ 281 modules transformed.
rendering chunks...
computing gzip size...
✓ built in 521ms
[4/5] build client environment...
[2K
transforming...✓ 1829 modules transformed.
rendering chunks...
computing gzip size...
[plugin builtin:vite-reporter] 
(!) Some chunks are larger than 500 kB after minification. Consider:
- Using dynamic import() to code-split the application
- Use build.rolldownOptions.output.codeSplitting to improve chunking: https://rolldown.rs/reference/OutputOptions.codeSplitting
- Adjust chunk size limit for this warning via build.chunkSizeWarningLimit.
✓ built in 1.05s
[5/5] build ssr environment...
[2K
transforming...✓ 319 modules transformed.
rendering chunks...
computing gzip size...
✓ built in 711ms
[0m
  Route (app)
  ┌ ? /                           
  ├ λ /api/cloud-progress         
  ├ ƒ /exam-practice              
  ├ ƒ /internal/blueprint-coverage
  ├ ƒ /internal/item-review       
  └ ƒ /practice-v2                

  λ API  ƒ Dynamic  ? Unknown

  ? Some routes could not be classified. vinext currently uses static analysis
    and cannot detect dynamic API usage (headers(), cookies(), etc.) at build time.
    Automatic classification will be improved in a future release.
  Build complete. Run `vinext start` to start the production server.

